// Jest Snapshot v1, https://goo.gl/fbAQLP

exports[`should use special rarity 1`] = `
Array [
  1033,
  1034,
  1035,
  1036,
  1037,
  1038,
  1039,
  1223,
  1224,
  1225,
  1226,
  1227,
  1228,
  1448,
  1449,
  1450,
  1491,
  1492,
  1503,
  1504,
  1505,
  1506,
  1507,
  1809,
  1810,
]
`;
